// Jest Snapshot v1, https://goo.gl/fbAQLP

exports[`Test the callback with valid params 1`] = `
<div>
  <p>
    Testing
  </p>
</div>
`;
