// Jest Snapshot v1, https://goo.gl/fbAQLP

exports[`Footer should render 1`] = `
<div
  data-testid="main-testid"
>
  Main
</div>
`;
